Microchip MPLAB XC8 Compiler V2.41

Linker command line:

-W-3 \
  --edf=C:/Users/yak19/.mchp_packs/Microchip/PIC12-16F1xxx_DFP/1.4.213/xc8\pic\dat\20230328142712_en.msgs \
  -cn -h+dist/default/production\nixie.X.production.sym \
  --cmf=dist/default/production\nixie.X.production.cmf -z -Q16F1936 \
  -oC:\Users\yak19\AppData\Local\Temp\xcAst38.\driver_tmp_3.o \
  --defsym=__MPLAB_BUILD=1 --fixupoverflow=error \
  -Mdist/default/production/nixie.X.production.map \
  --md=C:\Users\yak19\AppData\Local\Temp\xcAst38.\driver_tmp_0.dat -E1 \
  -ver=XC8 Compiler --acfsm=1493 -ACODE=00h-07FFhx4 -ASTRCODE=00h-01FFFh \
  -ASTRING=00h-0FFhx32 -ACONST=00h-0FFhx32 -AENTRY=00h-0FFhx32 \
  -ACOMMON=070h-07Fh -ABANK0=020h-06Fh -ABANK1=0A0h-0EFh \
  -ABANK2=0120h-016Fh -ABANK3=01A0h-01EFh -ABANK4=0220h-026Fh \
  -ABANK5=02A0h-02EFh -ABANK6=0320h-032Fh -ABIGRAM=02000h-021EFh \
  -ARAM=020h-06Fh,0A0h-0EFh,0120h-016Fh,01A0h-01EFh,0220h-026Fh,02A0h-02EFh,0320h-032Fh \
  -AABS1=020h-07Fh,0A0h-0EFh,0120h-016Fh,01A0h-01EFh,0220h-026Fh,02A0h-02EFh,0320h-032Fh \
  -ASFR0=00h-01Fh -ASFR1=080h-09Fh -ASFR2=0100h-011Fh -ASFR3=0180h-019Fh \
  -ASFR4=0200h-021Fh -ASFR5=0280h-029Fh -ASFR6=0300h-031Fh \
  -ASFR7=0380h-03EFh -ASFR8=0400h-046Fh -ASFR9=0480h-04EFh \
  -ASFR10=0500h-056Fh -ASFR11=0580h-05EFh -ASFR12=0600h-066Fh \
  -ASFR13=0680h-06EFh -ASFR14=0700h-076Fh -ASFR15=0780h-07EFh \
  -ASFR16=0800h-086Fh -ASFR17=0880h-08EFh -ASFR18=0900h-096Fh \
  -ASFR19=0980h-09EFh -ASFR20=0A00h-0A6Fh -ASFR21=0A80h-0AEFh \
  -ASFR22=0B00h-0B6Fh -ASFR23=0B80h-0BEFh -ASFR24=0C00h-0C6Fh \
  -ASFR25=0C80h-0CEFh -ASFR26=0D00h-0D6Fh -ASFR27=0D80h-0DEFh \
  -ASFR28=0E00h-0E6Fh -ASFR29=0E80h-0EEFh -ASFR30=0F00h-0F6Fh \
  -ASFR31=0F80h-0FEFh -ACONFIG=08007h-08008h -DCONFIG=2 \
  -AIDLOC=08000h-08003h -DIDLOC=2 -AEEDATA=00h-0FFh/0F000h \
  -peeprom_data=EEDATA -DEEDATA=2 -DCODE=2 -DSTRCODE=2 -DSTRING=2 -DCONST=2 \
  -DENTRY=2 -preset_vec=00h,intentry=04h,init,end_init -ppowerup=CODE \
  -pcinit=CODE -pfunctab=ENTRY -k \
  C:\Users\yak19\AppData\Local\Temp\xcAst38.\driver_tmp_15.o \
  dist/default/production\nixie.X.production.o 

Object code version is 3.11

Machine type is 16F1936



                Name                               Link     Load   Length Selector   Space Scale
C:\Users\yak19\AppData\Local\Temp\xcAst38.\driver_tmp_15.o
                end_init                             19       19        2        8       0
                reset_vec                             0        0        2        0       0
                config                             8007     8007        2        0       4
                idloc                              8000     8000        4        0       5
dist/default/production\nixie.X.production.o
                cinit                                1B       1B        E        8       0
                intentry                              4        4       15        8       0
                config                             8007     8007        2        0       4
                idloc                              8000     8000        4        0       5
                text53                              D26      D26       11     1A4C       0
                text52                              D4A      D4A       14     1A94       0
                text51                                3        3        1        6       0
                text50                              7EA      7EA       16        8       0
                text48                              CFB      CFB        E     19F6       0
                text47                              CCA      CCA        7     1994       0
                text46                              E83      E83       1C     1D06       0
                text45                              CB8      CB8        6     1970       0
                text44                              D87      D87       18     1B0E       0
                text43                              CD1      CD1        8     19A2       0
                text42                              CB4      CB4        4     1968       0
                text41                              D37      D37       13     1A6E       0
                text40                              E1A      E1A       1A     1C34       0
                text39                              4D8      4D8       60        8       0
                text38                              63E      63E       53        8       0
                text37                              CD9      CD9        B     19B2       0
                text36                              CE4      CE4        B     19C8       0
                text35                              D09      D09        E     1A12       0
                text34                              5E8      5E8       56        8       0
                text33                              DCF      DCF       19     1B9E       0
                text32                              590      590       58        8       0
                text31                              538      538       58        8       0
                text30                              EF5      EF5       24     1DEA       0
                text29                              3D8      3D8       98        8       0
                text28                              2A1      2A1       9E        8       0
                text27                              F88      F88       3C     1F10       0
                text26                              769      769       42        8       0
                text25                              6DA      6DA       48        8       0
                text24                              FC4      FC4       3C     1F88       0
                text23                              D9F      D9F       18     1B3E       0
                text22                              E34      E34       1A     1C68       0
                text21                              7AB      7AB       3F        8       0
                text20                              DE8      DE8       19     1BD0       0
                text19                              E68      E68       1B     1CD0       0
                text18                              CEF      CEF        C     19DE       0
                text17                              D17      D17        F     1A2E       0
                text16                              D5E      D5E       14     1ABC       0
                text15                              E9F      E9F       1C     1D3E       0
                text14                              DB7      DB7       18     1B6E       0
                text13                              E4E      E4E       1A     1C9C       0
                text12                               29       29      199        8       0
                text11                              691      691       49        8       0
                text10                              F19      F19       37     1E32       0
                text9                               470      470       68        8       0
                text8                               EBB      EBB       1C     1D76       0
                text7                               D72      D72       15     1AE4       0
                text6                               E01      E01       19     1C02       0
                text5                               F50      F50       38     1EA0       0
                text4                               1C2      1C2       DF        8       0
                text3                               CBE      CBE        6     197C       0
                text2                               33F      33F       99        8       0
                text1                               ED7      ED7       1E     1DAE       0
                maintext                            722      722       47        8       0
                cstackBANK0                          48       48       16       20       1
                cstackCOMMON                         70       70        A       70       1
                clrtext                             CC4      CC4        6     1988       0
                bssBANK0                             20       20       28       20       1
                bssCOMMON                            7A       7A        2       70       1
                nvBANK0                              5E       5E        2       20       1

TOTAL           Name                               Link     Load   Length     Space
        CLASS   CODE           
                end_init                             19       19        2         0
                cinit                                1B       1B        E         0
                intentry                              4        4       15         0
                reset_vec                             0        0        2         0
                text53                              D26      D26       11         0
                text52                              D4A      D4A       14         0
                text51                                3        3        1         0
                text50                              7EA      7EA       16         0
                text48                              CFB      CFB        E         0
                text47                              CCA      CCA        7         0
                text46                              E83      E83       1C         0
                text45                              CB8      CB8        6         0
                text44                              D87      D87       18         0
                text43                              CD1      CD1        8         0
                text42                              CB4      CB4        4         0
                text41                              D37      D37       13         0
                text40                              E1A      E1A       1A         0
                text39                              4D8      4D8       60         0
                text38                              63E      63E       53         0
                text37                              CD9      CD9        B         0
                text36                              CE4      CE4        B         0
                text35                              D09      D09        E         0
                text34                              5E8      5E8       56         0
                text33                              DCF      DCF       19         0
                text32                              590      590       58         0
                text31                              538      538       58         0
                text30                              EF5      EF5       24         0
                text29                              3D8      3D8       98         0
                text28                              2A1      2A1       9E         0
                text27                              F88      F88       3C         0
                text26                              769      769       42         0
                text25                              6DA      6DA       48         0
                text24                              FC4      FC4       3C         0
                text23                              D9F      D9F       18         0
                text22                              E34      E34       1A         0
                text21                              7AB      7AB       3F         0
                text20                              DE8      DE8       19         0
                text19                              E68      E68       1B         0
                text18                              CEF      CEF        C         0
                text17                              D17      D17        F         0
                text16                              D5E      D5E       14         0
                text15                              E9F      E9F       1C         0
                text14                              DB7      DB7       18         0
                text13                              E4E      E4E       1A         0
                text12                               29       29      199         0
                text11                              691      691       49         0
                text10                              F19      F19       37         0
                text9                               470      470       68         0
                text8                               EBB      EBB       1C         0
                text7                               D72      D72       15         0
                text6                               E01      E01       19         0
                text5                               F50      F50       38         0
                text4                               1C2      1C2       DF         0
                text3                               CBE      CBE        6         0
                text2                               33F      33F       99         0
                text1                               ED7      ED7       1E         0
                maintext                            722      722       47         0
                clrtext                             CC4      CC4        6         0

        CLASS   STRCODE        

        CLASS   STRING         

        CLASS   CONST          

        CLASS   ENTRY          

        CLASS   COMMON         
                cstackCOMMON                         70       70        A         1
                bssCOMMON                            7A       7A        2         1

        CLASS   BANK0          
                cstackBANK0                          48       48       16         1
                bssBANK0                             20       20       28         1
                nvBANK0                              5E       5E        2         1

        CLASS   BANK1          

        CLASS   BANK2          

        CLASS   BANK3          

        CLASS   BANK4          

        CLASS   BANK5          

        CLASS   BANK6          

        CLASS   BIGRAM         

        CLASS   RAM            

        CLASS   ABS1           
                abs_s1                               7E       7E        2         1

        CLASS   SFR0           

        CLASS   SFR1           

        CLASS   SFR2           

        CLASS   SFR3           

        CLASS   SFR4           

        CLASS   SFR5           

        CLASS   SFR6           

        CLASS   SFR7           

        CLASS   SFR8           

        CLASS   SFR9           

        CLASS   SFR10          

        CLASS   SFR11          

        CLASS   SFR12          

        CLASS   SFR13          

        CLASS   SFR14          

        CLASS   SFR15          

        CLASS   SFR16          

        CLASS   SFR17          

        CLASS   SFR18          

        CLASS   SFR19          

        CLASS   SFR20          

        CLASS   SFR21          

        CLASS   SFR22          

        CLASS   SFR23          

        CLASS   SFR24          

        CLASS   SFR25          

        CLASS   SFR26          

        CLASS   SFR27          

        CLASS   SFR28          

        CLASS   SFR29          

        CLASS   SFR30          

        CLASS   SFR31          

        CLASS   CONFIG         
                config                             8007     8007        2         4

        CLASS   IDLOC          
                idloc                              8000     8000        4         5

        CLASS   EEDATA         

        CLASS   BANK31         

        CLASS   BANK30         

        CLASS   BANK29         

        CLASS   BANK28         

        CLASS   BANK27         

        CLASS   BANK26         

        CLASS   BANK25         

        CLASS   BANK24         

        CLASS   BANK23         

        CLASS   BANK22         

        CLASS   BANK21         

        CLASS   BANK20         

        CLASS   BANK19         

        CLASS   BANK18         

        CLASS   BANK17         

        CLASS   BANK16         

        CLASS   BANK15         

        CLASS   BANK14         

        CLASS   BANK13         

        CLASS   BANK12         

        CLASS   BANK11         

        CLASS   BANK10         

        CLASS   BANK9          

        CLASS   BANK8          

        CLASS   BANK7          

        CLASS   HEAP           

        CLASS   STACK          



SEGMENTS        Name                           Load    Length   Top    Selector   Space  Class     Delta

                reset_vec                      000000  000002  000002         0       0  CODE        2
                text51                         000003  000001  000004         6       0  CODE        2
                intentry                       000004  0007FC  000800         8       0  CODE        2
                bssBANK0                       000020  000040  000060        20       1  BANK0       1
                cstackCOMMON                   000070  00000C  00007C        70       1  COMMON      1
                text42                         000CB4  000004  000CB8      1968       0  CODE        2
                text45                         000CB8  000006  000CBE      1970       0  CODE        2
                text3                          000CBE  000006  000CC4      197C       0  CODE        2
                clrtext                        000CC4  000006  000CCA      1988       0  CODE        2
                text47                         000CCA  000007  000CD1      1994       0  CODE        2
                text43                         000CD1  000008  000CD9      19A2       0  CODE        2
                text37                         000CD9  00000B  000CE4      19B2       0  CODE        2
                text36                         000CE4  00000B  000CEF      19C8       0  CODE        2
                text18                         000CEF  00000C  000CFB      19DE       0  CODE        2
                text48                         000CFB  00000E  000D09      19F6       0  CODE        2
                text35                         000D09  00000E  000D17      1A12       0  CODE        2
                text17                         000D17  00000F  000D26      1A2E       0  CODE        2
                text53                         000D26  000011  000D37      1A4C       0  CODE        2
                text41                         000D37  000013  000D4A      1A6E       0  CODE        2
                text52                         000D4A  000014  000D5E      1A94       0  CODE        2
                text16                         000D5E  000014  000D72      1ABC       0  CODE        2
                text7                          000D72  000015  000D87      1AE4       0  CODE        2
                text44                         000D87  000018  000D9F      1B0E       0  CODE        2
                text23                         000D9F  000018  000DB7      1B3E       0  CODE        2
                text14                         000DB7  000018  000DCF      1B6E       0  CODE        2
                text33                         000DCF  000019  000DE8      1B9E       0  CODE        2
                text20                         000DE8  000019  000E01      1BD0       0  CODE        2
                text6                          000E01  000019  000E1A      1C02       0  CODE        2
                text40                         000E1A  00001A  000E34      1C34       0  CODE        2
                text22                         000E34  00001A  000E4E      1C68       0  CODE        2
                text13                         000E4E  00001A  000E68      1C9C       0  CODE        2
                text19                         000E68  00001B  000E83      1CD0       0  CODE        2
                text46                         000E83  00001C  000E9F      1D06       0  CODE        2
                text15                         000E9F  00001C  000EBB      1D3E       0  CODE        2
                text8                          000EBB  00001C  000ED7      1D76       0  CODE        2
                text1                          000ED7  00001E  000EF5      1DAE       0  CODE        2
                text30                         000EF5  000024  000F19      1DEA       0  CODE        2
                text10                         000F19  000037  000F50      1E32       0  CODE        2
                text5                          000F50  000038  000F88      1EA0       0  CODE        2
                text27                         000F88  00003C  000FC4      1F10       0  CODE        2
                text24                         000FC4  00003C  001000      1F88       0  CODE        2


UNUSED ADDRESS RANGES

        Name                Unused          Largest block    Delta
        BANK0            00060-0006F              10           1
        BANK1            000A0-000EF              50           1
        BANK2            00120-0016F              50           1
        BANK3            001A0-001EF              50           1
        BANK4            00220-0026F              50           1
        BANK5            002A0-002EF              50           1
        BANK6            00320-0032F              10           1
        BIGRAM           02000-021EF             1F0           1
        CODE             00002-00002               1           2
                         00800-00CB3             4B4
                         01000-01FFF             800
        COMMON           0007C-0007D               2           1
        CONST            00002-00002               1           2
                         00800-00CB3             100
                         01000-01FFF             100
        EEDATA           0F000-0F0FF             100           2
        ENTRY            00002-00002               1           2
                         00800-00CB3             100
                         01000-01FFF             100
        RAM              00060-0006F              10           1
                         000A0-000EF              50
                         00120-0016F              50
                         001A0-001EF              50
                         00220-0026F              50
                         002A0-002EF              50
                         00320-0032F              10
        SFR0             00000-0001F              20           1
        SFR1             00080-0009F              20           1
        SFR10            00500-0056F              70           1
        SFR11            00580-005EF              70           1
        SFR12            00600-0066F              70           1
        SFR13            00680-006EF              70           1
        SFR14            00700-0076F              70           1
        SFR15            00780-007EF              70           1
        SFR16            00800-0086F              70           1
        SFR17            00880-008EF              70           1
        SFR18            00900-0096F              70           1
        SFR19            00980-009EF              70           1
        SFR2             00100-0011F              20           1
        SFR20            00A00-00A6F              70           1
        SFR21            00A80-00AEF              70           1
        SFR22            00B00-00B6F              70           1
        SFR23            00B80-00BEF              70           1
        SFR24            00C00-00C6F              70           1
        SFR25            00C80-00CEF              70           1
        SFR26            00D00-00D6F              70           1
        SFR27            00D80-00DEF              70           1
        SFR28            00E00-00E6F              70           1
        SFR29            00E80-00EEF              70           1
        SFR3             00180-0019F              20           1
        SFR30            00F00-00F6F              70           1
        SFR31            00F80-00FEF              70           1
        SFR4             00200-0021F              20           1
        SFR5             00280-0029F              20           1
        SFR6             00300-0031F              20           1
        SFR7             00380-003EF              70           1
        SFR8             00400-0046F              70           1
        SFR9             00480-004EF              70           1
        STRCODE          00002-00002               1           2
                         00800-00CB3             4B4
                         01000-01FFF            1000
        STRING           00002-00002               1           2
                         00800-00CB3             100
                         01000-01FFF             100

                                  Symbol Table

?___awdiv                                 cstackCOMMON 00072
?___awmod                                 cstackCOMMON 00072
TMR1_SetInterruptHandler@InterruptHandler cstackCOMMON 00072
TMR1_WriteTimer@timerVal                  cstackCOMMON 00070
_ANSELA                                   (abs)        0018C
_ANSELB                                   (abs)        0018D
_APFCON                                   (abs)        0011D
_BORCON                                   (abs)        00116
_CCP1CON                                  (abs)        00293
_CCPR1H                                   (abs)        00292
_CCPR1L                                   (abs)        00291
_CCPTMRS0bits                             (abs)        0029E
_ECCP1AS                                  (abs)        00295
_EPWM1_Initialize                         text48       00CFB
_INTCONbits                               (abs)        0000B
_INTERRUPT_InterruptManager               intentry     00004
_LATA                                     (abs)        0010C
_LATAbits                                 (abs)        0010C
_LATB                                     (abs)        0010D
_LATBbits                                 (abs)        0010D
_LATC                                     (abs)        0010E
_LATCbits                                 (abs)        0010E
_LATE                                     (abs)        00110
_OPTION_REGbits                           (abs)        00095
_OSCCON                                   (abs)        00099
_OSCILLATOR_Initialize                    text47       00CCA
_OSCTUNE                                  (abs)        00098
_PIE1bits                                 (abs)        00091
_PIN_MANAGER_Initialize                   text46       00E83
_PIR1bits                                 (abs)        00011
_PORTBbits                                (abs)        0000D
_PORTCbits                                (abs)        0000E
_PR2                                      (abs)        0001B
_PSTR1CON                                 (abs)        00296
_PWM1CON                                  (abs)        00294
_SYSTEM_Initialize                        text41       00D37
_T1CON                                    (abs)        00018
_T1CONbits                                (abs)        00018
_T1GCON                                   (abs)        00019
_T1GCONbits                               (abs)        00019
_T2CON                                    (abs)        0001C
_T2CONbits                                (abs)        0001C
_TMR1H                                    (abs)        00017
_TMR1L                                    (abs)        00016
_TMR1_DefaultInterruptHandler             text51       00003
_TMR1_ISR                                 text50       007EA
_TMR1_Initialize                          text44       00D87
_TMR1_InterruptHandler                    nvBANK0      0005E
_TMR1_SetInterruptHandler                 text45       00CB8
_TMR1_WriteTimer                          text53       00D26
_TMR2                                     (abs)        0001A
_TMR2_Initialize                          text43       00CD1
_TRISA                                    (abs)        0008C
_TRISB                                    (abs)        0008D
_TRISC                                    (abs)        0008E
_TRISCbits                                (abs)        0008E
_TRISE                                    (abs)        00090
_WDTCON                                   (abs)        00097
_WDT_Initialize                           text42       00CB4
_WPUB                                     (abs)        0020D
_WPUE                                     (abs)        00210
__H__absolute__                           __absolute__ 00000
__Habs1                                   abs1         00000
__Hbank0                                  bank0        00000
__Hbank1                                  bank1        00000
__Hbank10                                 bank10       00000
__Hbank11                                 bank11       00000
__Hbank12                                 bank12       00000
__Hbank13                                 bank13       00000
__Hbank14                                 bank14       00000
__Hbank15                                 bank15       00000
__Hbank16                                 bank16       00000
__Hbank17                                 bank17       00000
__Hbank18                                 bank18       00000
__Hbank19                                 bank19       00000
__Hbank2                                  bank2        00000
__Hbank20                                 bank20       00000
__Hbank21                                 bank21       00000
__Hbank22                                 bank22       00000
__Hbank23                                 bank23       00000
__Hbank24                                 bank24       00000
__Hbank25                                 bank25       00000
__Hbank26                                 bank26       00000
__Hbank27                                 bank27       00000
__Hbank28                                 bank28       00000
__Hbank29                                 bank29       00000
__Hbank3                                  bank3        00000
__Hbank30                                 bank30       00000
__Hbank31                                 bank31       00000
__Hbank4                                  bank4        00000
__Hbank5                                  bank5        00000
__Hbank6                                  bank6        00000
__Hbank7                                  bank7        00000
__Hbank8                                  bank8        00000
__Hbank9                                  bank9        00000
__Hbigram                                 bigram       00000
__HbssBANK0                               bssBANK0     00000
__HbssCOMMON                              bssCOMMON    00000
__Hcinit                                  cinit        00029
__Hclrtext                                clrtext      00000
__Hcode                                   code         00000
__Hcommon                                 common       00000
__Hconfig                                 config       08009
__HcstackBANK0                            cstackBANK0  00000
__HcstackCOMMON                           cstackCOMMON 00000
__Heeprom_data                            eeprom_data  00000
__Hend_init                               end_init     0001B
__Hfunctab                                functab      00000
__Hheap                                   heap         00000
__Hidloc                                  idloc        08004
__Hinit                                   init         00019
__Hintentry                               intentry     00019
__Hmaintext                               maintext     00000
__HnvBANK0                                nvBANK0      00000
__Hpowerup                                powerup      00000
__Hram                                    ram          00000
__Hreset_vec                              reset_vec    00002
__Hsfr0                                   sfr0         00000
__Hsfr1                                   sfr1         00000
__Hsfr10                                  sfr10        00000
__Hsfr11                                  sfr11        00000
__Hsfr12                                  sfr12        00000
__Hsfr13                                  sfr13        00000
__Hsfr14                                  sfr14        00000
__Hsfr15                                  sfr15        00000
__Hsfr16                                  sfr16        00000
__Hsfr17                                  sfr17        00000
__Hsfr18                                  sfr18        00000
__Hsfr19                                  sfr19        00000
__Hsfr2                                   sfr2         00000
__Hsfr20                                  sfr20        00000
__Hsfr21                                  sfr21        00000
__Hsfr22                                  sfr22        00000
__Hsfr23                                  sfr23        00000
__Hsfr24                                  sfr24        00000
__Hsfr25                                  sfr25        00000
__Hsfr26                                  sfr26        00000
__Hsfr27                                  sfr27        00000
__Hsfr28                                  sfr28        00000
__Hsfr29                                  sfr29        00000
__Hsfr3                                   sfr3         00000
__Hsfr30                                  sfr30        00000
__Hsfr31                                  sfr31        00000
__Hsfr4                                   sfr4         00000
__Hsfr5                                   sfr5         00000
__Hsfr6                                   sfr6         00000
__Hsfr7                                   sfr7         00000
__Hsfr8                                   sfr8         00000
__Hsfr9                                   sfr9         00000
__Hspace_0                                (abs)        01000
__Hspace_1                                (abs)        0007C
__Hspace_2                                (abs)        00000
__Hspace_3                                (abs)        00000
__Hspace_4                                (abs)        10010
__Hstack                                  stack        00000
__Hstrings                                strings      00000
__Htext                                   text         00000
__L__absolute__                           __absolute__ 00000
__Labs1                                   abs1         00000
__Lbank0                                  bank0        00000
__Lbank1                                  bank1        00000
__Lbank10                                 bank10       00000
__Lbank11                                 bank11       00000
__Lbank12                                 bank12       00000
__Lbank13                                 bank13       00000
__Lbank14                                 bank14       00000
__Lbank15                                 bank15       00000
__Lbank16                                 bank16       00000
__Lbank17                                 bank17       00000
__Lbank18                                 bank18       00000
__Lbank19                                 bank19       00000
__Lbank2                                  bank2        00000
__Lbank20                                 bank20       00000
__Lbank21                                 bank21       00000
__Lbank22                                 bank22       00000
__Lbank23                                 bank23       00000
__Lbank24                                 bank24       00000
__Lbank25                                 bank25       00000
__Lbank26                                 bank26       00000
__Lbank27                                 bank27       00000
__Lbank28                                 bank28       00000
__Lbank29                                 bank29       00000
__Lbank3                                  bank3        00000
__Lbank30                                 bank30       00000
__Lbank31                                 bank31       00000
__Lbank4                                  bank4        00000
__Lbank5                                  bank5        00000
__Lbank6                                  bank6        00000
__Lbank7                                  bank7        00000
__Lbank8                                  bank8        00000
__Lbank9                                  bank9        00000
__Lbigram                                 bigram       00000
__LbssBANK0                               bssBANK0     00000
__LbssCOMMON                              bssCOMMON    00000
__Lcinit                                  cinit        0001B
__Lclrtext                                clrtext      00000
__Lcode                                   code         00000
__Lcommon                                 common       00000
__Lconfig                                 config       00000
__LcstackBANK0                            cstackBANK0  00000
__LcstackCOMMON                           cstackCOMMON 00000
__Leeprom_data                            eeprom_data  00000
__Lend_init                               end_init     00019
__Lfunctab                                functab      00000
__Lheap                                   heap         00000
__Lidloc                                  idloc        00000
__Linit                                   init         00019
__Lintentry                               intentry     00004
__Lmaintext                               maintext     00000
__LnvBANK0                                nvBANK0      00000
__Lpowerup                                powerup      00000
__Lram                                    ram          00000
__Lreset_vec                              reset_vec    00000
__Lsfr0                                   sfr0         00000
__Lsfr1                                   sfr1         00000
__Lsfr10                                  sfr10        00000
__Lsfr11                                  sfr11        00000
__Lsfr12                                  sfr12        00000
__Lsfr13                                  sfr13        00000
__Lsfr14                                  sfr14        00000
__Lsfr15                                  sfr15        00000
__Lsfr16                                  sfr16        00000
__Lsfr17                                  sfr17        00000
__Lsfr18                                  sfr18        00000
__Lsfr19                                  sfr19        00000
__Lsfr2                                   sfr2         00000
__Lsfr20                                  sfr20        00000
__Lsfr21                                  sfr21        00000
__Lsfr22                                  sfr22        00000
__Lsfr23                                  sfr23        00000
__Lsfr24                                  sfr24        00000
__Lsfr25                                  sfr25        00000
__Lsfr26                                  sfr26        00000
__Lsfr27                                  sfr27        00000
__Lsfr28                                  sfr28        00000
__Lsfr29                                  sfr29        00000
__Lsfr3                                   sfr3         00000
__Lsfr30                                  sfr30        00000
__Lsfr31                                  sfr31        00000
__Lsfr4                                   sfr4         00000
__Lsfr5                                   sfr5         00000
__Lsfr6                                   sfr6         00000
__Lsfr7                                   sfr7         00000
__Lsfr8                                   sfr8         00000
__Lsfr9                                   sfr9         00000
__Lspace_0                                (abs)        00000
__Lspace_1                                (abs)        00000
__Lspace_2                                (abs)        00000
__Lspace_3                                (abs)        00000
__Lspace_4                                (abs)        00000
__Lstack                                  stack        00000
__Lstrings                                strings      00000
__Ltext                                   text         00000
__S0                                      (abs)        01000
__S1                                      (abs)        0007C
__S3                                      (abs)        00000
___awdiv                                  text39       004D8
___awdiv@counter                          cstackBANK0  00048
___awdiv@dividend                         cstackCOMMON 00074
___awdiv@divisor                          cstackCOMMON 00072
___awdiv@quotient                         cstackBANK0  0004A
___awdiv@sign                             cstackBANK0  00049
___awmod                                  text38       0063E
___awmod@counter                          cstackCOMMON 00077
___awmod@dividend                         cstackCOMMON 00074
___awmod@divisor                          cstackCOMMON 00072
___awmod@sign                             cstackCOMMON 00078
___bmul                                   text7        00D72
___bmul@multiplicand                      cstackCOMMON 00072
___bmul@multiplier                        cstackCOMMON 00075
___bmul@product                           cstackCOMMON 00074
___heap_hi                                (abs)        00000
___heap_lo                                (abs)        00000
___int_sp                                 stack        00000
___latbits                                (abs)        00002
___sp                                     stack        00000
___stackhi                                (abs)        00000
___stacklo                                (abs)        00000
__end_of_EPWM1_Initialize                 text48       00D09
__end_of_INTERRUPT_InterruptManager       intentry     00019
__end_of_OSCILLATOR_Initialize            text47       00CD1
__end_of_PIN_MANAGER_Initialize           text46       00E9F
__end_of_SYSTEM_Initialize                text41       00D4A
__end_of_TMR1_DefaultInterruptHandler     text51       00004
__end_of_TMR1_ISR                         text50       00800
__end_of_TMR1_Initialize                  text44       00D9F
__end_of_TMR1_SetInterruptHandler         text45       00CBE
__end_of_TMR1_WriteTimer                  text53       00D37
__end_of_TMR2_Initialize                  text43       00CD9
__end_of_WDT_Initialize                   text42       00CB8
__end_of___awdiv                          text39       00538
__end_of___awmod                          text38       00691
__end_of___bmul                           text7        00D87
__end_of__initialization                  cinit        00025
__end_of_add_second                       text40       00E34
__end_of_bit_in                           text16       00D72
__end_of_bit_out                          text15       00EBB
__end_of_copy_time_fields                 text32       005E8
__end_of_decrease_date                    text29       00470
__end_of_decrease_hour                    text26       007AB
__end_of_decrease_minute                  text23       00DB7
__end_of_decrease_month                   text20       00E01
__end_of_handle_display_date              text33       00DE8
__end_of_handle_display_time              text30       00F19
__end_of_handle_set_day                   text27       00FC4
__end_of_handle_set_hour                  text24       01000
__end_of_handle_set_minute                text21       007EA
__end_of_handle_set_month                 text11       006DA
__end_of_handle_state                     text10       00F50
__end_of_i2c_rd                           text6        00E1A
__end_of_i2c_rd_bytes                     text5        00F88
__end_of_i2c_start                        text18       00CFB
__end_of_i2c_stop                         text17       00D26
__end_of_i2c_wr                           text14       00DCF
__end_of_i2c_wr_bytes                     text13       00E68
__end_of_increase_date                    text28       0033F
__end_of_increase_hour                    text25       00722
__end_of_increase_minute                  text22       00E4E
__end_of_increase_month                   text19       00E83
__end_of_main                             maintext     00769
__end_of_off_digits                       text3        00CC4
__end_of_on_digit                         text2        003D8
__end_of_read_button                      text9        004D8
__end_of_read_buttons                     text8        00ED7
__end_of_read_time                        text4        002A1
__end_of_refresh_digits                   text1        00EF5
__end_of_set_date_digits                  text31       00590
__end_of_set_digit_displayed              text37       00CE4
__end_of_set_digit_displayed_all          text36       00CEF
__end_of_set_digits                       text35       00D17
__end_of_set_time_digits                  text34       0063E
__end_of_tmr1_ISR                         text52       00D5E
__end_of_update_time                      text12       001C2
__initialization                          cinit        0001B
__pbssBANK0                               bssBANK0     00020
__pbssCOMMON                              bssCOMMON    0007A
__pcstackBANK0                            cstackBANK0  00048
__pcstackCOMMON                           cstackCOMMON 00070
__pintentry                               intentry     00004
__pmaintext                               maintext     00722
__pnvBANK0                                nvBANK0      0005E
__ptext1                                  text1        00ED7
__ptext10                                 text10       00F19
__ptext11                                 text11       00691
__ptext12                                 text12       00029
__ptext13                                 text13       00E4E
__ptext14                                 text14       00DB7
__ptext15                                 text15       00E9F
__ptext16                                 text16       00D5E
__ptext17                                 text17       00D17
__ptext18                                 text18       00CEF
__ptext19                                 text19       00E68
__ptext2                                  text2        0033F
__ptext20                                 text20       00DE8
__ptext21                                 text21       007AB
__ptext22                                 text22       00E34
__ptext23                                 text23       00D9F
__ptext24                                 text24       00FC4
__ptext25                                 text25       006DA
__ptext26                                 text26       00769
__ptext27                                 text27       00F88
__ptext28                                 text28       002A1
__ptext29                                 text29       003D8
__ptext3                                  text3        00CBE
__ptext30                                 text30       00EF5
__ptext31                                 text31       00538
__ptext32                                 text32       00590
__ptext33                                 text33       00DCF
__ptext34                                 text34       005E8
__ptext35                                 text35       00D09
__ptext36                                 text36       00CE4
__ptext37                                 text37       00CD9
__ptext38                                 text38       0063E
__ptext39                                 text39       004D8
__ptext4                                  text4        001C2
__ptext40                                 text40       00E1A
__ptext41                                 text41       00D37
__ptext42                                 text42       00CB4
__ptext43                                 text43       00CD1
__ptext44                                 text44       00D87
__ptext45                                 text45       00CB8
__ptext46                                 text46       00E83
__ptext47                                 text47       00CCA
__ptext48                                 text48       00CFB
__ptext5                                  text5        00F50
__ptext50                                 text50       007EA
__ptext51                                 text51       00003
__ptext52                                 text52       00D4A
__ptext53                                 text53       00D26
__ptext6                                  text6        00E01
__ptext7                                  text7        00D72
__ptext8                                  text8        00EBB
__ptext9                                  text9        00470
_add_second                               text40       00E1A
_bit_in                                   text16       00D5E
_bit_out                                  text15       00E9F
_btn1                                     bssBANK0     00046
_btn2                                     bssBANK0     00044
_btn3                                     bssBANK0     00042
_copy_time_fields                         text32       00590
_current                                  bssCOMMON    0007B
_date_displayed_ticks                     bssBANK0     00028
_decrease_date                            text29       003D8
_decrease_hour                            text26       00769
_decrease_minute                          text23       00D9F
_decrease_month                           text20       00DE8
_digit_displayed                          bssBANK0     00020
_digit_values                             bssBANK0     00024
_handle_display_date                      text33       00DCF
_handle_display_time                      text30       00EF5
_handle_set_day                           text27       00F88
_handle_set_hour                          text24       00FC4
_handle_set_minute                        text21       007AB
_handle_set_month                         text11       00691
_handle_state                             text10       00F19
_i2c_rd                                   text6        00E01
_i2c_rd_bytes                             text5        00F50
_i2c_start                                text18       00CEF
_i2c_stop                                 text17       00D17
_i2c_wr                                   text14       00DB7
_i2c_wr_bytes                             text13       00E4E
_increase_date                            text28       002A1
_increase_hour                            text25       006DA
_increase_minute                          text22       00E34
_increase_month                           text19       00E68
_is_on                                    bssCOMMON    0007A
_main                                     maintext     00722
_off_digits                               text3        00CBE
_on_digit                                 text2        0033F
_read_button                              text9        00470
_read_buttons                             text8        00EBB
_read_time                                text4        001C2
_refresh_digits                           text1        00ED7
_set_date_digits                          text31       00538
_set_digit_displayed                      text37       00CD9
_set_digit_displayed_all                  text36       00CE4
_set_digits                               text35       00D09
_set_time_digits                          text34       005E8
_state                                    bssBANK0     0002E
_time                                     bssBANK0     00039
_timer1ReloadVal                          bssBANK0     0002C
_timer_count                              bssBANK0     0002A
_timer_ticked                             bssBANK0     0002F
_tmr1_ISR                                 text52       00D4A
_update_time                              text12       00029
_updated_time                             bssBANK0     00030
add_second@time                           cstackCOMMON 00073
bit_in@data                               cstackCOMMON 00073
bit_out@data                              cstackCOMMON 00073
btemp                                     (abs)        0007E
clear_ram0                                clrtext      00CC4
copy_time_fields@dest_time                cstackCOMMON 00072
copy_time_fields@src_time                 cstackCOMMON 00073
decrease_date@time                        cstackCOMMON 00072
decrease_hour@time                        cstackCOMMON 00072
decrease_minute@time                      cstackCOMMON 00072
decrease_month@time                       cstackCOMMON 00072
end_of_initialization                     cinit        00025
i2c_rd@ack                                cstackCOMMON 00075
i2c_rd@i                                  cstackCOMMON 00076
i2c_rd@ret                                cstackCOMMON 00077
i2c_rd_bytes@byte_arr                     cstackBANK0  0004A
i2c_rd_bytes@i                            cstackBANK0  0004B
i2c_rd_bytes@size                         cstackCOMMON 00078
i2c_wr@ack                                cstackCOMMON 00075
i2c_wr@data                               cstackCOMMON 00076
i2c_wr@i                                  cstackCOMMON 00077
i2c_wr_bytes@byte_arr                     cstackBANK0  00048
i2c_wr_bytes@i                            cstackBANK0  00049
i2c_wr_bytes@size                         cstackCOMMON 00078
increase_date@time                        cstackCOMMON 00073
increase_hour@time                        cstackBANK0  00048
increase_minute@time                      cstackCOMMON 00079
increase_month@time                       cstackCOMMON 00073
int$flags                                 (abs)        0007E
intlevel0                                 functab      00000
intlevel1                                 functab      00000
intlevel2                                 functab      00000
intlevel3                                 functab      00000
intlevel4                                 functab      00000
intlevel5                                 functab      00000
on_digit@number                           cstackCOMMON 00074
read_button@btn                           cstackCOMMON 00075
read_button@pin_val                       cstackCOMMON 00072
read_time@reg_arr                         cstackBANK0  0004E
read_time@time                            cstackBANK0  00055
reset_vec                                 reset_vec    00000
set_date_digits@tm                        cstackBANK0  00057
set_digit_displayed@dig0                  cstackCOMMON 00075
set_digit_displayed@dig1                  cstackCOMMON 00072
set_digit_displayed@dig2                  cstackCOMMON 00073
set_digit_displayed@dig3                  cstackCOMMON 00074
set_digits@dig0                           cstackCOMMON 00079
set_digits@dig1                           cstackBANK0  0004C
set_digits@dig2                           cstackBANK0  0004D
set_digits@dig3                           cstackBANK0  0004E
set_time_digits@tm                        cstackBANK0  00057
start                                     init         00019
start_initialization                      cinit        0001B
update_time@reg_arr                       cstackBANK0  00054
update_time@time                          cstackBANK0  0005B
wtemp0                                    (abs)        0007E


MODULE INFORMATION

Module		Function		Class		Link	Load	Size
C:\Program Files\Microchip\xc8\v2.41\pic\sources\c99\common\awmod.c
		___awmod       		CODE           	063E	0000	83

C:\Program Files\Microchip\xc8\v2.41\pic\sources\c99\common\awmod.c estimated size: 83

time.c
		_increase_minute		CODE           	0E34	0000	26
		_decrease_date 		CODE           	03D8	0000	152
		_add_second    		CODE           	0E1A	0000	26
		_decrease_hour 		CODE           	0769	0000	66
		_copy_time_fields		CODE           	0590	0000	88
		_update_time   		CODE           	0029	0000	409
		_decrease_month		CODE           	0DE8	0000	25
		_increase_date 		CODE           	02A1	0000	158
		_increase_hour 		CODE           	06DA	0000	72
		_read_time     		CODE           	01C2	0000	223
		_increase_month		CODE           	0E68	0000	27
		_decrease_minute		CODE           	0D9F	0000	24

time.c estimated size: 1296

button.c
		_read_button   		CODE           	0470	0000	104

button.c estimated size: 104

mcc_generated_files/tmr2.c
		_TMR2_Initialize		CODE           	0CD1	0000	8

mcc_generated_files/tmr2.c estimated size: 8

mcc_generated_files/interrupt_manager.c
		_INTERRUPT_InterruptManager		CODE           	0004	0000	21

mcc_generated_files/interrupt_manager.c estimated size: 21

i2c.c
		_i2c_start     		CODE           	0CEF	0000	12
		_i2c_rd_bytes  		CODE           	0F50	0000	56
		_i2c_wr        		CODE           	0DB7	0000	24
		_bit_in        		CODE           	0D5E	0000	20
		_bit_out       		CODE           	0E9F	0000	28
		_i2c_rd        		CODE           	0E01	0000	25
		_i2c_stop      		CODE           	0D17	0000	15
		_i2c_wr_bytes  		CODE           	0E4E	0000	26

i2c.c estimated size: 206

mcc_generated_files/pin_manager.c
		_PIN_MANAGER_Initialize		CODE           	0E83	0000	28

mcc_generated_files/pin_manager.c estimated size: 28

C:\Program Files\Microchip\xc8\v2.41\pic\sources\c99\common\awdiv.c
		___awdiv       		CODE           	04D8	0000	96

C:\Program Files\Microchip\xc8\v2.41\pic\sources\c99\common\awdiv.c estimated size: 96

nixie.c
		_on_digit      		CODE           	033F	0000	153
		_off_digits    		CODE           	0CBE	0000	6
		_refresh_digits		CODE           	0ED7	0000	30
		_set_digit_displayed		CODE           	0CD9	0000	11
		_set_digits    		CODE           	0D09	0000	14
		_set_digit_displayed_all		CODE           	0CE4	0000	11

nixie.c estimated size: 225

C:\Program Files\Microchip\xc8\v2.41\pic\sources\c99\common\Umul8.c
		___bmul        		CODE           	0D72	0000	21

C:\Program Files\Microchip\xc8\v2.41\pic\sources\c99\common\Umul8.c estimated size: 21

shared
		__initialization		CODE           	001B	0000	10

shared estimated size: 10

mcc_generated_files/mcc.c
		_WDT_Initialize		CODE           	0CB4	0000	4
		_OSCILLATOR_Initialize		CODE           	0CCA	0000	7
		_SYSTEM_Initialize		CODE           	0D37	0000	19

mcc_generated_files/mcc.c estimated size: 30

mcc_generated_files/tmr1.c
		_TMR1_Initialize		CODE           	0D87	0000	24
		_TMR1_SetInterruptHandler		CODE           	0CB8	0000	6
		_TMR1_DefaultInterruptHandler		CODE           	0003	0000	1
		_TMR1_WriteTimer		CODE           	0D26	0000	17
		_TMR1_ISR      		CODE           	07EA	0000	22

mcc_generated_files/tmr1.c estimated size: 70

mcc_generated_files/epwm1.c
		_EPWM1_Initialize		CODE           	0CFB	0000	14

mcc_generated_files/epwm1.c estimated size: 14

main.c
		_handle_display_date		CODE           	0DCF	0000	25
		_handle_display_time		CODE           	0EF5	0000	36
		_set_time_digits		CODE           	05E8	0000	86
		_main          		CODE           	0722	0000	71
		_tmr1_ISR      		CODE           	0D4A	0000	20
		_handle_state  		CODE           	0F19	0000	55
		_handle_set_month		CODE           	0691	0000	73
		_handle_set_day		CODE           	0F88	0000	60
		_handle_set_minute		CODE           	07AB	0000	63
		_set_date_digits		CODE           	0538	0000	88
		_read_buttons  		CODE           	0EBB	0000	28
		_handle_set_hour		CODE           	0FC4	0000	60

main.c estimated size: 665

